 0002090  09-24#18:39:04.505  249 25084 [APP_WDG] enable state=active timeout_s=10 feed_ms=5000 reason=button_press_standby
 0002091  09-24#18:39:04.630  250 25214 [CLK_CFG] pre_os target=80000000 set_ok=1 cpu_clock_hz=80000000 ok=1
 0002092  09-24#18:39:04.630  251 25214 [EVT][PWR] standby_exit reason=button_press_standby conn=1
 0002093  09-24#18:39:04.677  252 25264 [YHM] phase=button_press_standby status=ok
 0002094  09-24#18:39:04.692  253 25264 [CLK_CFG] pre_os target=80000000 set_ok=1 cpu_clock_hz=80000000 ok=1
 0002095  09-24#18:39:04.692  254 25274 [EVT][PWR] standby_ready reason=button_press_standby target=ACTIVE_IDLE
 0002096  09-24#18:39:04.692  255 25274 [BLE_READY] conn=0 overall=0 state=1 stage=6 reason=0
 0002097  09-24#18:39:06.389  007 26974 [BLE_READY] conn=0 overall=2 state=1 stage=13 reason=0
 0002098  09-24#18:39:16.053  042 36624 [BLE_READY] conn=0 overall=2 state=6 stage=13 reason=0
 0002099  09-24#18:39:17.388  049 37964 [BLE_READY] conn=0 overall=0 state=6 stage=6 reason=0
 0002100  09-24#18:39:18.465  063 39044 [BLE_READY] conn=0 overall=2 state=6 stage=13 reason=0
 0002101  09-24#18:39:18.511  068 39094 [BLE_READY] conn=0 overall=2 state=1 stage=13 reason=0
 0002102  09-24#18:39:19.744  070 40324 [CAP_READY] mode=1 id=2
 0002103  09-24#18:39:19.744  071 40324 [CAP_DATA] mode=1 id=2
 0002104  09-24#18:39:19.760  072 40344 [BLE_READY] conn=0 overall=2 state=11 stage=13 reason=0
 0002105  09-24#18:39:23.098  115 43684 [RAW] acc=2685 commit=1920 discard=765 rec=3 part=0 hi=812 err=14
 0002106  09-24#18:39:23.098  116 43684 [R]170,169,156,0,0,63,0/0/0,0/0/0
 0002107  09-24#18:39:23.098  117 43684 [MAG_RAW] acc=352 commit=254 discard=98 read_err=0 missed=0 hi=107
 0002108  09-24#18:39:23.113  118 43684 [BLE_READY] conn=0 overall=2 state=3 stage=13 reason=0
 0002109  09-24#18:39:23.113  119 43684 [ONLINE_STATE] stop_capture reason=5
 0002110  09-24#18:39:23.145  120 43724 [BLE_READY] conn=0 overall=0 state=6 stage=6 reason=0
 0002111  09-24#18:39:23.317  129 43894 [ONL_CAUSE_A] org=5 det=0 ms=436900 sr=5 gen=2 le=0
 0002112  09-24#18:39:23.317  130 43904 [ONLINE_END] why=online_cleanup issue=0 last=0 pend=0/0 bytes=3272444 notify_fail=0 ack_to=0
 0002113  09-24#18:39:23.332  131 43914 [RES_BLE] ms=3430 accept_Bps=17315 peak_Bps=20328 win_ms=1000 mtu=247 ci=12 phy=2/2
 0002114  09-24#18:39:23.347  132 43924 [RES_MEM] data_min=1112 buffer_min=184 samples=4 poll_gap_ms=60 cpu_pct=NA ble_max=NA
 0002115  09-24#18:39:23.347  133 43934 [RES_TX] pend_hi=72192 pend_end=69120 cap_block=0 ack_max_ms=320 ack_to=0 fail=0
 0002116  09-24#18:39:23.363  134 43944 [RES_FLASH] erase_max_ms=83 erased_min=2816 errors=0/0/0
 0002117  09-24#18:39:23.378  137 43954 [RES_RING] imu_hi=812 imu_cap=1942 mag_hi=107 mag_cap=256 miss=0 read_err=0
 0002118  09-24#18:39:23.378  138 43964 [RES_IO] page_build_us=113 prog_us=1032 verify_us=916 prep_us=1836 rec_max_ms=210
 0002119  09-24#18:39:23.378  139 43964 [BLE_READY] conn=0 overall=2 state=6 stage=13 reason=0
 0002120  09-24#18:39:23.394  140 43974 [RES_MAG] read_max_us=779 interval_max_us=17893 late_us=8204 gap_us=5179/9623/0
 0002121  09-24#18:39:23.394  141 43984 [STRESS_DIAG] v=2 fw=20007 sid=1 start=433520 n=0 kind=begin rate=16000 elapsed=3380
 0002122  09-24#18:39:23.410  142 43994 [STRESS_DIAG] v=2 fw=20007 sid=1 start=433520 n=1 kind=state error=1 water=3840
 0002123  09-24#18:39:23.425  143 44004 [STRESS_DIAG] v=2 fw=20007 sid=1 start=433520 n=2 kind=count released=49920 pump_max=30
 0002124  09-24#18:39:23.425  148 44014 [STRESS_DIAG] v=2 fw=20007 sid=1 start=433520 n=3 kind=prep prep_erases=32 events=12
 0002125  09-24#18:39:23.441  149 44024 [STRESS_DIAG] v=2 fw=20007 sid=1 start=433520 n=4 kind=trace transitions=671
 0002126  09-24#18:39:23.456  150 44034 [STRESS_DIAG] v=2 fw=20007 sid=1 start=433520 n=5 kind=gap from=1620 to=1850
 0002127  09-24#18:39:23.456  151 44044 [STRESS_DIAG] v=2 fw=20007 sid=1 start=433520 n=6 kind=water water_from=320 water_to=3840
 0002128  09-24#18:39:23.472  152 44054 [STRESS_DIAG] v=2 fw=20007 sid=1 start=433520 n=7 kind=release freed=192 open=0
 0002129  09-24#18:39:23.487  153 44064 [STRESS_DIAG] v=2 fw=20007 sid=1 start=433520 n=8 kind=record type=1 age=150
 0002130  09-24#18:39:23.487  154 44074 [STRESS_DIAG] v=2 fw=20007 sid=1 start=433520 n=9 kind=page page=31 pages=46
 0002131  09-24#18:39:23.503  155 44084 [STRESS_DIAG] v=2 fw=20007 sid=1 start=433520 n=10 kind=max raw=210 stress=40
 0002132  09-24#18:39:23.518  156 44094 [STRESS_DIAG] v=2 fw=20007 sid=1 start=433520 n=11 kind=stage stage=0 total=30 peak=30
 0002133  09-24#18:39:23.518  157 44104 [STRESS_DIAG] v=2 fw=20007 sid=1 start=433520 n=12 kind=part stage=0 gap=0
 0002134  09-24#18:39:23.535  158 44114 [STRESS_DIAG] v=2 fw=20007 sid=1 start=433520 n=13 kind=stage stage=1 total=750 peak=210
 0002135  09-24#18:39:23.535  159 44124 [STRESS_DIAG] v=2 fw=20007 sid=1 start=433520 n=14 kind=part stage=1 gap=210
 0002136  09-24#18:39:23.550  160 44134 [STRESS_DIAG] v=2 fw=20007 sid=1 start=433520 n=15 kind=stage stage=2 total=10 peak=10
 0002137  09-24#18:39:23.565  161 44144 [STRESS_DIAG] v=2 fw=20007 sid=1 start=433520 n=16 kind=part stage=2 gap=10
 0002138  09-24#18:39:23.565  162 44154 [STRESS_DIAG] v=2 fw=20007 sid=1 start=433520 n=17 kind=stage stage=3 total=390 peak=100
 0002139  09-24#18:39:23.580  163 44164 [STRESS_DIAG] v=2 fw=20007 sid=1 start=433520 n=18 kind=part stage=3 gap=0
 0002140  09-24#18:39:23.595  164 44174 [STRESS_DIAG] v=2 fw=20007 sid=1 start=433520 n=19 kind=stage stage=4 total=50 peak=10
 0002141  09-24#18:39:23.595  165 44184 [STRESS_DIAG] v=2 fw=20007 sid=1 start=433520 n=20 kind=part stage=4 gap=0
 0002142  09-24#18:39:23.611  166 44194 [STRESS_DIAG] v=2 fw=20007 sid=1 start=433520 n=21 kind=stage stage=5 total=290 peak=20
 0002143  09-24#18:39:23.626  167 44204 [STRESS_DIAG] v=2 fw=20007 sid=1 start=433520 n=22 kind=part stage=5 gap=0
 0002144  09-24#18:39:23.626  168 44214 [STRESS_DIAG] v=2 fw=20007 sid=1 start=433520 n=23 kind=stage stage=6 total=590 peak=20
 0002145  09-24#18:39:23.642  169 44224 [STRESS_DIAG] v=2 fw=20007 sid=1 start=433520 n=24 kind=part stage=6 gap=0
 0002146  09-24#18:39:23.657  170 44234 [STRESS_DIAG] v=2 fw=20007 sid=1 start=433520 n=25 kind=stage stage=7 total=560 peak=20
 0002147  09-24#18:39:23.657  171 44244 [STRESS_DIAG] v=2 fw=20007 sid=1 start=433520 n=26 kind=part stage=7 gap=0
 0002148  09-24#18:39:23.673  172 44254 [STRESS_DIAG] v=2 fw=20007 sid=1 start=433520 n=27 kind=stage stage=8 total=710 peak=30
 0002149  09-24#18:39:23.688  173 44264 [STRESS_DIAG] v=2 fw=20007 sid=1 start=433520 n=28 kind=part stage=8 gap=10
 0002150  09-24#18:39:23.688  174 44274 [STRESS_DIAG] v=2 fw=20007 sid=1 start=433520 n=29 kind=event ms=3100 stage=7 water=320
 0002151  09-24#18:39:23.704  175 44284 [STRESS_DIAG] v=2 fw=20007 sid=1 start=433520 n=30 kind=event ms=3110 stage=3 water=320
 0002152  09-24#18:39:23.704  176 44294 [STRESS_DIAG] v=2 fw=20007 sid=1 start=433520 n=31 kind=event ms=3210 stage=4 water=1920
 0002153  09-24#18:39:23.720  177 44304 [STRESS_DIAG] v=2 fw=20007 sid=1 start=433520 n=32 kind=event ms=3210 stage=5 water=1920
 0002154  09-24#18:39:23.735  178 44314 [STRESS_DIAG] v=2 fw=20007 sid=1 start=433520 n=33 kind=event ms=3210 stage=6 water=1920
 0002155  09-24#18:39:23.735  179 44324 [STRESS_DIAG] v=2 fw=20007 sid=1 start=433520 n=34 kind=event ms=3210 stage=5 water=1728
 0002156  09-24#18:39:23.751  180 44334 [STRESS_DIAG] v=2 fw=20007 sid=1 start=433520 n=35 kind=event ms=3210 stage=6 water=1728
 0002157  09-24#18:39:23.766  181 44344 [STRESS_DIAG] v=2 fw=20007 sid=1 start=433520 n=36 kind=event ms=3210 stage=5 water=1472
 0002158  09-24#18:39:23.766  182 44354 [STRESS_DIAG] v=2 fw=20007 sid=1 start=433520 n=37 kind=event ms=3220 stage=6 water=1792
 0002159  09-24#18:39:23.781  183 44364 [STRESS_DIAG] v=2 fw=20007 sid=1 start=433520 n=38 kind=event ms=3230 stage=7 water=1600
 0002160  09-24#18:39:23.797  184 44374 [STRESS_DIAG] v=2 fw=20007 sid=1 start=433520 n=39 kind=event ms=3230 stage=4 water=1600
 0002161  09-24#18:39:23.797  185 44384 [STRESS_DIAG] v=2 fw=20007 sid=1 start=433520 n=40 kind=event ms=3230 stage=1 water=1600
 0002162  09-24#18:39:23.813  186 44394 [STRESS_DIAG] v=2 fw=20007 sid=1 start=433520 n=41 kind=end lines=42
 0002163  09-24#18:39:23.813  187 44404 [STRESS_OPT] v=1 fw=20007 sid=1 start=433520 n=0 pump=1 erase=1
 0002164  09-24#18:39:23.829  188 44414 [STRESS_OPT] v=1 fw=20007 sid=1 start=433520 n=1 calls=879 steps=1601
 0002165  09-24#18:39:23.845  189 44424 [STRESS_OPT] v=1 fw=20007 sid=1 start=433520 n=2 peak_us=4332 limits=280
 0002166  09-24#18:39:23.845  190 44434 [STRESS_OPT] v=1 fw=20007 sid=1 start=433520 n=3 waits=628 no_clock=0
 0002167  09-24#18:39:23.860  191 44444 [STRESS_OPT] v=1 fw=20007 sid=1 start=433520 n=4 bg=4 urgent=0
 0002168  09-24#18:39:23.876  192 44454 [STRESS_OPT] v=1 fw=20007 sid=1 start=433520 n=5 prep_ms=3680 ahead=54784
 0002169  09-24#18:39:23.876  193 44464 [STRESS_IO] v=1 fw=20007 sid=1 start=433520 n=0 fifo=1 flags=1
 0002170  09-24#18:39:23.892  194 44474 [STRESS_IO] v=1 fw=20007 sid=1 start=433520 n=1 calls=485 total=186321
 0002171  09-24#18:39:23.908  195 44484 [STRESS_IO] v=1 fw=20007 sid=1 start=433520 n=2 peak=949 unit=1
 0002172  09-24#18:39:23.908  200 44494 [STRESS_IO] v=1 fw=20007 sid=1 start=433520 n=3 calls=484 total=138195
 0002173  09-24#18:39:23.923  201 44504 [STRESS_IO] v=1 fw=20007 sid=1 start=433520 n=4 peak=795 unit=1
 0002174  09-24#18:39:23.939  202 44514 [STRESS_IO] v=1 fw=20007 sid=1 start=433520 n=5 calls=285 total=65273
 0002175  09-24#18:39:23.939  203 44524 [STRESS_IO] v=1 fw=20007 sid=1 start=433520 n=6 peak=448 unit=1
 0002176  09-24#18:39:23.955  204 44534 [STRESS_IO] v=1 fw=20007 sid=1 start=433520 n=7 calls=1732 total=139850
 0002177  09-24#18:39:23.955  205 44544 [STRESS_IO] v=1 fw=20007 sid=1 start=433520 n=8 peak=427 unit=1
 0002178  09-24#18:39:23.971  206 44554 [STRESS_IO] v=1 fw=20007 sid=1 start=433520 n=9 bus=0 wip=470
 0002179  09-24#18:39:23.986  207 44564 [STRESS_IO] v=1 fw=20007 sid=1 start=433520 n=10 spans=484 total=1228757
 0002180  09-24#18:39:23.986  208 44574 [STRESS_IO] v=1 fw=20007 sid=1 start=433520 n=11 span_max=12312 poll_max=11792
 0002181  09-24#18:39:24.001  209 44584 [STRESS_IO] v=1 fw=20007 sid=1 start=433520 n=12 open_us=1402 pending=1
 0002182  09-24#18:39:24.016  210 44594 [STRESS_IO] v=1 fw=20007 sid=1 start=433520 n=13 bus_us=0 wip_us=713090
 0002183  09-24#18:39:24.016  211 44604 [STRESS_IO] v=1 fw=20007 sid=1 start=433520 n=14 end=1 lines=15
 0002184  09-24#18:39:24.048  212 44624 [RES_IMU] capture_ms=3360 packets=2685 fifo_hi=208 fifo_cap=1024 full=0 lost=0
 0002185  09-24#18:39:24.048  213 44634 [RES_WORKER] gap_ms=10 stack_lifetime_free_B=6460 read_err=0 bad_hdr=0
 0002186  09-24#18:39:24.110  214 44684 [BLE_READY] conn=0 overall=2 state=1 stage=13 reason=0
